124.107.120.113 - - [04/Jul/2026:04:24:49 +0800] "POST /chat HTTP/1.1" 404 43 "-" "Mozilla/5.0 (compatible; WAChat/2.0; +http://www.whatsapp.com/contact)"
49.147.40.203 - - [04/Jul/2026:04:24:55 +0800] "POST /chat HTTP/1.1" 400 0 "-" "Mozilla/5.0 (compatible; WAChat/2.0; +http://www.whatsapp.com/contact)"
124.107.120.113 - - [04/Jul/2026:04:25:46 +0800] "POST /chat HTTP/1.1" 400 0 "-" "Mozilla/5.0 (compatible; WAChat/2.0; +http://www.whatsapp.com/contact)"
172.70.240.202 - - [04/Jul/2026:04:30:18 +0800] "GET /wp-admin/install.php?step=1 HTTP/1.1" 404 43 "-" "http://jmwifi.pro/wp-admin/install.php?step=1"
112.209.20.131 - - [04/Jul/2026:04:32:05 +0800] "GET /generate_204 HTTP/1.1" 302 5 "-" "Mozilla/5.0 (X11; Linux x86_64) AppleWebKit/537.36 (KHTML, like Gecko) Chrome/60.0.3112.32 Safari/537.36"
49.147.36.1 - - [04/Jul/2026:04:32:05 +0800] "GET /generate_204 HTTP/1.1" 302 5 "-" "Mozilla/5.0 (X11; Linux x86_64) AppleWebKit/537.36 (KHTML, like Gecko) Chrome/60.0.3112.32 Safari/537.36"
112.209.20.131 - - [04/Jul/2026:04:32:05 +0800] "GET /generate_204 HTTP/1.1" 302 5 "-" "Mozilla/5.0 (X11; Linux x86_64) AppleWebKit/537.36 (KHTML, like Gecko) Chrome/60.0.3112.32 Safari/537.36"
172.71.164.49 - - [04/Jul/2026:04:32:17 +0800] "GET /wp-admin/install.php?step=1 HTTP/1.1" 404 43 "-" "http://jmwifi.pro/wp-admin/install.php?step=1"
49.147.36.1 - - [04/Jul/2026:04:32:26 +0800] "GET /generate_204 HTTP/1.1" 302 5 "-" "Mozilla/5.0 (X11; Linux x86_64) AppleWebKit/537.36 (KHTML, like Gecko) Chrome/60.0.3112.32 Safari/537.36"
49.147.43.70 - - [04/Jul/2026:04:33:10 +0800] "GET /generate_204 HTTP/1.1" 302 5 "-" "Mozilla/5.0 (X11; Linux x86_64) AppleWebKit/537.36 (KHTML, like Gecko) Chrome/60.0.3112.32 Safari/537.36"
124.107.120.113 - - [04/Jul/2026:04:33:10 +0800] "GET /generate_204 HTTP/1.1" 302 5 "-" "Mozilla/5.0 (X11; Linux x86_64) AppleWebKit/537.36 (KHTML, like Gecko) Chrome/60.0.3112.32 Safari/537.36"
112.209.20.131 - - [04/Jul/2026:04:33:10 +0800] "GET /generate_204 HTTP/1.1" 302 5 "-" "Mozilla/5.0 (X11; Linux x86_64) AppleWebKit/537.36 (KHTML, like Gecko) Chrome/60.0.3112.32 Safari/537.36"
49.147.36.1 - - [04/Jul/2026:04:34:13 +0800] "GET /generate_204 HTTP/1.1" 302 5 "-" "Mozilla/5.0 (X11; Linux x86_64) AppleWebKit/537.36 (KHTML, like Gecko) Chrome/60.0.3112.32 Safari/537.36"
124.105.235.44 - - [04/Jul/2026:04:36:37 +0800] "GET / HTTP/1.1" 302 5 "-" "Transparent%20network%20proxy%20for%20Apple%20system%20services (unknown version) CFNetwork/3826.600.41.2.1 Darwin/24.6.0"
49.147.43.70 - - [04/Jul/2026:04:36:38 +0800] "GET /welcome?suspended=1 HTTP/2.0" 200 7319 "-" "Transparent%20network%20proxy%20for%20Apple%20system%20services (unknown version) CFNetwork/3826.600.41.2.1 Darwin/24.6.0"
124.105.235.44 - - [04/Jul/2026:04:36:45 +0800] "GET / HTTP/1.1" 302 5 "-" "Transparent%20network%20proxy%20for%20Apple%20system%20services (unknown version) CFNetwork/3826.600.41.2.1 Darwin/24.6.0"
124.105.235.44 - - [04/Jul/2026:04:36:45 +0800] "GET /welcome?suspended=1 HTTP/2.0" 200 7319 "-" "Transparent%20network%20proxy%20for%20Apple%20system%20services (unknown version) CFNetwork/3826.600.41.2.1 Darwin/24.6.0"
124.105.235.44 - - [04/Jul/2026:04:41:43 +0800] "GET / HTTP/1.1" 302 5 "-" "Transparent%20network%20proxy%20for%20Apple%20system%20services (unknown version) CFNetwork/3826.600.41.2.1 Darwin/24.6.0"
112.209.20.131 - - [04/Jul/2026:04:41:44 +0800] "GET /welcome?suspended=1 HTTP/2.0" 200 7319 "-" "Transparent%20network%20proxy%20for%20Apple%20system%20services (unknown version) CFNetwork/3826.600.41.2.1 Darwin/24.6.0"
49.147.36.1 - - [04/Jul/2026:04:41:50 +0800] "GET / HTTP/1.1" 302 5 "-" "Transparent%20network%20proxy%20for%20Apple%20system%20services (unknown version) CFNetwork/3826.600.41.2.1 Darwin/24.6.0"
124.107.120.113 - - [04/Jul/2026:04:41:51 +0800] "GET /welcome?suspended=1 HTTP/2.0" 200 7319 "-" "Transparent%20network%20proxy%20for%20Apple%20system%20services (unknown version) CFNetwork/3826.600.41.2.1 Darwin/24.6.0"
124.107.120.113 - - [04/Jul/2026:04:43:43 +0800] "GET /generate_204 HTTP/1.1" 302 5 "-" "Mozilla/5.0 (X11; Linux x86_64) AppleWebKit/537.36 (KHTML, like Gecko) Chrome/60.0.3112.32 Safari/537.36"
124.105.235.44 - - [04/Jul/2026:04:44:32 +0800] "POST /chat HTTP/1.1" 499 0 "-" "Mozilla/5.0 (compatible; WAChat/2.0; +http://www.whatsapp.com/contact)"
124.107.120.113 - - [04/Jul/2026:04:48:00 +0800] "GET /generate_204 HTTP/1.1" 302 5 "-" "Mozilla/5.0 (X11; Linux x86_64) AppleWebKit/537.36 (KHTML, like Gecko) Chrome/60.0.3112.32 Safari/537.36"
172.71.164.48 - - [04/Jul/2026:04:48:55 +0800] "GET /wp-admin/install.php?step=1 HTTP/1.1" 404 43 "-" "http://jmwifi.pro/wp-admin/install.php?step=1"
112.209.20.131 - - [04/Jul/2026:04:52:52 +0800] "GET /generate_204 HTTP/1.1" 302 5 "-" "Mozilla/5.0 (X11; Linux x86_64) AppleWebKit/537.36 (KHTML, like Gecko) Chrome/60.0.3112.32 Safari/537.36"
112.209.20.131 - - [04/Jul/2026:04:55:55 +0800] "GET /generate_204 HTTP/1.1" 302 5 "-" "Mozilla/5.0 (X11; Linux x86_64) AppleWebKit/537.36 (KHTML, like Gecko) Chrome/60.0.3112.32 Safari/537.36"
124.105.235.44 - - [04/Jul/2026:04:56:42 +0800] "GET /generate_204 HTTP/1.1" 302 5 "-" "Mozilla/5.0 (X11; Linux x86_64) AppleWebKit/537.36 (KHTML, like Gecko) Chrome/60.0.3112.32 Safari/537.36"
49.147.43.70 - - [04/Jul/2026:04:56:56 +0800] "GET / HTTP/1.1" 302 5 "-" "Transparent%20network%20proxy%20for%20Apple%20system%20services (unknown version) CFNetwork/3826.600.41.2.1 Darwin/24.6.0"
124.105.235.44 - - [04/Jul/2026:04:56:58 +0800] "GET /welcome?suspended=1 HTTP/2.0" 200 7319 "-" "Transparent%20network%20proxy%20for%20Apple%20system%20services (unknown version) CFNetwork/3826.600.41.2.1 Darwin/24.6.0"
124.105.235.44 - - [04/Jul/2026:04:57:05 +0800] "GET / HTTP/1.1" 302 5 "-" "Transparent%20network%20proxy%20for%20Apple%20system%20services (unknown version) CFNetwork/3826.600.41.2.1 Darwin/24.6.0"
124.105.235.44 - - [04/Jul/2026:04:57:06 +0800] "GET /welcome?suspended=1 HTTP/2.0" 200 7319 "-" "Transparent%20network%20proxy%20for%20Apple%20system%20services (unknown version) CFNetwork/3826.600.41.2.1 Darwin/24.6.0"
112.209.20.131 - - [04/Jul/2026:05:00:10 +0800] "GET /generate_204 HTTP/1.1" 302 5 "-" "Mozilla/5.0 (X11; Linux x86_64) AppleWebKit/537.36 (KHTML, like Gecko) Chrome/60.0.3112.32 Safari/537.36"
124.107.120.113 - - [04/Jul/2026:05:00:37 +0800] "GET /generate_204 HTTP/1.1" 302 5 "-" "Mozilla/5.0 (X11; Linux x86_64) AppleWebKit/537.36 (KHTML, like Gecko) Chrome/60.0.3112.32 Safari/537.36"
124.107.120.113 - - [04/Jul/2026:05:00:37 +0800] "GET /generate_204 HTTP/1.1" 302 5 "-" "Mozilla/5.0 (X11; Linux x86_64) AppleWebKit/537.36 (KHTML, like Gecko) Chrome/60.0.3112.32 Safari/537.36"
49.147.36.1 - - [04/Jul/2026:05:00:38 +0800] "GET /generate_204 HTTP/1.1" 302 5 "-" "Mozilla/5.0 (X11; Linux x86_64) AppleWebKit/537.36 (KHTML, like Gecko) Chrome/60.0.3112.32 Safari/537.36"
124.105.235.44 - - [04/Jul/2026:05:00:38 +0800] "GET /generate_204 HTTP/1.1" 302 5 "-" "Mozilla/5.0 (X11; Linux x86_64) AppleWebKit/537.36 (KHTML, like Gecko) Chrome/60.0.3112.32 Safari/537.36"
124.105.235.44 - - [04/Jul/2026:05:00:38 +0800] "GET /generate_204 HTTP/1.1" 302 5 "-" "Mozilla/5.0 (X11; Linux x86_64) AppleWebKit/537.36 (KHTML, like Gecko) Chrome/60.0.3112.32 Safari/537.36"
49.147.43.70 - - [04/Jul/2026:05:00:38 +0800] "GET / HTTP/1.1" 302 5 "-" "Mozilla/5.0 (X11; Linux x86_64) AppleWebKit/537.36 (KHTML, like Gecko) Chrome/60.0.3112.32 Safari/537.36"
112.209.20.131 - - [04/Jul/2026:05:00:38 +0800] "GET /welcome?suspended=1 HTTP/1.1" 200 7332 "-" "Mozilla/5.0 (X11; Linux x86_64) AppleWebKit/537.36 (KHTML, like Gecko) Chrome/60.0.3112.32 Safari/537.36"
124.105.235.44 - - [04/Jul/2026:05:01:51 +0800] "GET / HTTP/1.1" 302 5 "-" "Transparent%20network%20proxy%20for%20Apple%20system%20services (unknown version) CFNetwork/3826.600.41.2.1 Darwin/24.6.0"
49.147.43.70 - - [04/Jul/2026:05:01:51 +0800] "GET /welcome?suspended=1 HTTP/2.0" 200 7319 "-" "Transparent%20network%20proxy%20for%20Apple%20system%20services (unknown version) CFNetwork/3826.600.41.2.1 Darwin/24.6.0"
49.147.36.1 - - [04/Jul/2026:05:01:58 +0800] "GET / HTTP/1.1" 302 5 "-" "Transparent%20network%20proxy%20for%20Apple%20system%20services (unknown version) CFNetwork/3826.600.41.2.1 Darwin/24.6.0"
49.147.40.203 - - [04/Jul/2026:05:01:58 +0800] "GET /welcome?suspended=1 HTTP/2.0" 200 7319 "-" "Transparent%20network%20proxy%20for%20Apple%20system%20services (unknown version) CFNetwork/3826.600.41.2.1 Darwin/24.6.0"
49.147.36.1 - - [04/Jul/2026:05:03:14 +0800] "GET /generate_204 HTTP/1.1" 302 5 "-" "Mozilla/5.0 (X11; Linux x86_64) AppleWebKit/537.36 (KHTML, like Gecko) Chrome/60.0.3112.32 Safari/537.36"
172.70.86.37 - - [04/Jul/2026:05:05:13 +0800] "GET /wp-admin/install.php?step=1 HTTP/1.1" 302 5 "-" "http://demogoway.cloud/wp-admin/install.php?step=1"
172.68.186.44 - - [04/Jul/2026:05:05:13 +0800] "GET /welcome?step=1&suspended=1 HTTP/2.0" 200 7319 "-" "http://demogoway.cloud/wp-admin/install.php?step=1"
66.249.77.100 - - [04/Jul/2026:05:05:28 +0800] "GET /robots.txt HTTP/1.1" 404 43 "-" "Mozilla/5.0 (compatible; Googlebot/2.1; +http://www.google.com/bot.html)"
66.249.77.100 - - [04/Jul/2026:05:05:29 +0800] "GET /api/billing/customers/ HTTP/1.1" 401 65 "-" "Mozilla/5.0 (Linux; Android 6.0.1; Nexus 5X Build/MMB29P) AppleWebKit/537.36 (KHTML, like Gecko) Chrome/150.0.7871.46 Mobile Safari/537.36 (compatible; GoogleOther)"
49.147.43.70 - - [04/Jul/2026:05:07:22 +0800] "GET /generate_204 HTTP/1.1" 302 5 "-" "Mozilla/5.0 (X11; Linux x86_64) AppleWebKit/537.36 (KHTML, like Gecko) Chrome/60.0.3112.32 Safari/537.36"
49.147.43.70 - - [04/Jul/2026:05:07:22 +0800] "GET /generate_204 HTTP/1.1" 302 5 "-" "Mozilla/5.0 (X11; Linux x86_64) AppleWebKit/537.36 (KHTML, like Gecko) Chrome/60.0.3112.32 Safari/537.36"
124.107.120.113 - - [04/Jul/2026:05:07:22 +0800] "GET /generate_204 HTTP/1.1" 302 5 "-" "Mozilla/5.0 (X11; Linux x86_64) AppleWebKit/537.36 (KHTML, like Gecko) Chrome/60.0.3112.32 Safari/537.36"
49.147.40.203 - - [04/Jul/2026:05:07:22 +0800] "GET /generate_204 HTTP/1.1" 302 5 "-" "Mozilla/5.0 (X11; Linux x86_64) AppleWebKit/537.36 (KHTML, like Gecko) Chrome/60.0.3112.32 Safari/537.36"
112.209.20.131 - - [04/Jul/2026:05:07:22 +0800] "GET /generate_204 HTTP/1.1" 302 5 "-" "Mozilla/5.0 (X11; Linux x86_64) AppleWebKit/537.36 (KHTML, like Gecko) Chrome/60.0.3112.32 Safari/537.36"
124.107.120.113 - - [04/Jul/2026:05:07:22 +0800] "GET /generate_204 HTTP/1.1" 302 5 "-" "Mozilla/5.0 (X11; Linux x86_64) AppleWebKit/537.36 (KHTML, like Gecko) Chrome/60.0.3112.32 Safari/537.36"
112.209.20.131 - - [04/Jul/2026:05:07:23 +0800] "GET / HTTP/1.1" 302 5 "-" "Mozilla/5.0 (X11; Linux x86_64) AppleWebKit/537.36 (KHTML, like Gecko) Chrome/60.0.3112.32 Safari/537.36"
112.209.20.131 - - [04/Jul/2026:05:07:23 +0800] "GET /welcome?suspended=1 HTTP/1.1" 200 7332 "-" "Mozilla/5.0 (X11; Linux x86_64) AppleWebKit/537.36 (KHTML, like Gecko) Chrome/60.0.3112.32 Safari/537.36"
172.71.148.143 - - [04/Jul/2026:05:09:30 +0800] "GET /wp-admin/install.php?step=1 HTTP/1.1" 404 43 "-" "http://jmwifi.pro/wp-admin/install.php?step=1"
124.105.235.44 - - [04/Jul/2026:05:11:36 +0800] "GET /generate_204 HTTP/1.1" 302 5 "-" "Mozilla/5.0 (X11; Linux x86_64) AppleWebKit/537.36 (KHTML, like Gecko) Chrome/60.0.3112.32 Safari/537.36"
49.147.36.1 - - [04/Jul/2026:05:15:05 +0800] "GET /generate_204 HTTP/1.1" 302 5 "-" "Mozilla/5.0 (X11; Linux x86_64) AppleWebKit/537.36 (KHTML, like Gecko) Chrome/60.0.3112.32 Safari/537.36"
124.105.235.44 - - [04/Jul/2026:05:15:49 +0800] "POST /chat HTTP/1.1" 400 0 "-" "Mozilla/5.0 (compatible; WAChat/2.0; +http://www.whatsapp.com/contact)"
49.147.43.70 - - [04/Jul/2026:05:17:55 +0800] "GET /generate_204 HTTP/1.1" 302 5 "-" "Mozilla/5.0 (X11; Linux x86_64) AppleWebKit/537.36 (KHTML, like Gecko) Chrome/60.0.3112.32 Safari/537.36"
49.147.43.70 - - [04/Jul/2026:05:17:55 +0800] "GET /generate_204 HTTP/1.1" 302 5 "-" "Mozilla/5.0 (X11; Linux x86_64) AppleWebKit/537.36 (KHTML, like Gecko) Chrome/60.0.3112.32 Safari/537.36"
124.107.120.113 - - [04/Jul/2026:05:17:55 +0800] "GET /generate_204 HTTP/1.1" 302 5 "-" "Mozilla/5.0 (X11; Linux x86_64) AppleWebKit/537.36 (KHTML, like Gecko) Chrome/60.0.3112.32 Safari/537.36"
49.147.36.1 - - [04/Jul/2026:05:18:21 +0800] "GET /generate_204 HTTP/1.1" 302 5 "-" "Mozilla/5.0 (X11; Linux x86_64) AppleWebKit/537.36 (KHTML, like Gecko) Chrome/60.0.3112.32 Safari/537.36"
124.105.235.44 - - [04/Jul/2026:05:18:21 +0800] "GET /generate_204 HTTP/1.1" 302 5 "-" "Mozilla/5.0 (X11; Linux x86_64) AppleWebKit/537.36 (KHTML, like Gecko) Chrome/60.0.3112.32 Safari/537.36"
124.107.120.113 - - [04/Jul/2026:05:18:21 +0800] "GET /generate_204 HTTP/1.1" 302 5 "-" "Mozilla/5.0 (X11; Linux x86_64) AppleWebKit/537.36 (KHTML, like Gecko) Chrome/60.0.3112.32 Safari/537.36"
124.105.235.44 - - [04/Jul/2026:05:18:24 +0800] "POST /chat HTTP/1.1" 400 0 "-" "Mozilla/5.0 (compatible; WAChat/2.0; +http://www.whatsapp.com/contact)"
124.107.120.113 - - [04/Jul/2026:05:22:16 +0800] "GET / HTTP/1.1" 302 5 "-" "Transparent%20network%20proxy%20for%20Apple%20system%20services (unknown version) CFNetwork/3826.600.41.2.1 Darwin/24.6.0"
49.147.36.1 - - [04/Jul/2026:05:22:16 +0800] "GET /welcome?suspended=1 HTTP/2.0" 200 7319 "-" "Transparent%20network%20proxy%20for%20Apple%20system%20services (unknown version) CFNetwork/3826.600.41.2.1 Darwin/24.6.0"
124.105.235.44 - - [04/Jul/2026:05:22:23 +0800] "GET / HTTP/1.1" 302 5 "-" "Transparent%20network%20proxy%20for%20Apple%20system%20services (unknown version) CFNetwork/3826.600.41.2.1 Darwin/24.6.0"
124.105.235.44 - - [04/Jul/2026:05:22:23 +0800] "GET /welcome?suspended=1 HTTP/2.0" 200 7319 "-" "Transparent%20network%20proxy%20for%20Apple%20system%20services (unknown version) CFNetwork/3826.600.41.2.1 Darwin/24.6.0"
112.209.20.131 - - [04/Jul/2026:05:23:23 +0800] "POST /chat HTTP/1.1" 400 0 "-" "Mozilla/5.0 (compatible; WAChat/2.0; +http://www.whatsapp.com/contact)"
124.107.120.113 - - [04/Jul/2026:05:24:11 +0800] "GET /generate_204 HTTP/1.1" 302 5 "-" "Mozilla/5.0 (X11; Linux x86_64) AppleWebKit/537.36 (KHTML, like Gecko) Chrome/60.0.3112.32 Safari/537.36"
49.147.43.70 - - [04/Jul/2026:05:27:08 +0800] "GET / HTTP/1.1" 302 5 "-" "Transparent%20network%20proxy%20for%20Apple%20system%20services (unknown version) CFNetwork/3826.600.41.2.1 Darwin/24.6.0"
124.107.120.113 - - [04/Jul/2026:05:27:09 +0800] "GET /welcome?suspended=1 HTTP/2.0" 200 7319 "-" "Transparent%20network%20proxy%20for%20Apple%20system%20services (unknown version) CFNetwork/3826.600.41.2.1 Darwin/24.6.0"
49.147.43.70 - - [04/Jul/2026:05:27:14 +0800] "GET / HTTP/1.1" 302 5 "-" "Transparent%20network%20proxy%20for%20Apple%20system%20services (unknown version) CFNetwork/3826.600.41.2.1 Darwin/24.6.0"
112.209.20.131 - - [04/Jul/2026:05:27:15 +0800] "GET /welcome?suspended=1 HTTP/2.0" 200 7319 "-" "Transparent%20network%20proxy%20for%20Apple%20system%20services (unknown version) CFNetwork/3826.600.41.2.1 Darwin/24.6.0"
112.209.20.131 - - [04/Jul/2026:05:28:23 +0800] "POST /chat HTTP/1.1" 400 0 "-" "Mozilla/5.0 (compatible; WAChat/2.0; +http://www.whatsapp.com/contact)"
104.23.223.141 - - [04/Jul/2026:05:29:12 +0800] "GET /wp-admin/install.php?step=1 HTTP/1.1" 404 43 "-" "http://jmwifi.pro/wp-admin/install.php?step=1"
147.185.132.23 - - [04/Jul/2026:05:29:34 +0800] "GET / HTTP/1.1" 200 294550 "-" "curl/7.68.0"
147.185.132.23 - - [04/Jul/2026:05:33:26 +0800] "GET / HTTP/1.1" 200 193237 "-" "Hello from Palo Alto Networks, find out more about our scans in https://docs-cortex.paloaltonetworks.com/r/1/Cortex-Xpanse/Scanning-activity"
49.147.40.203 - - [04/Jul/2026:05:34:19 +0800] "POST /chat HTTP/1.1" 408 0 "-" "Mozilla/5.0 (compatible; WAChat/2.0; +http://www.whatsapp.com/contact)"
40.77.167.108 - - [04/Jul/2026:05:37:27 +0800] "GET /robots.txt HTTP/2.0" 404 32 "-" "Mozilla/5.0 AppleWebKit/537.36 (KHTML, like Gecko; compatible; bingbot/2.0; +http://www.bing.com/bingbot.htm) Chrome/116.0.1938.76 Safari/537.36"
49.147.40.203 - - [04/Jul/2026:05:38:45 +0800] "GET /generate_204 HTTP/1.1" 302 5 "-" "Mozilla/5.0 (X11; Linux x86_64) AppleWebKit/537.36 (KHTML, like Gecko) Chrome/60.0.3112.32 Safari/537.36"
49.147.36.1 - - [04/Jul/2026:05:42:32 +0800] "GET /generate_204 HTTP/1.1" 302 5 "-" "Mozilla/5.0 (X11; Linux x86_64) AppleWebKit/537.36 (KHTML, like Gecko) Chrome/60.0.3112.32 Safari/537.36"
49.147.43.70 - - [04/Jul/2026:05:42:56 +0800] "GET / HTTP/1.1" 302 5 "-" "Transparent%20network%20proxy%20for%20Apple%20system%20services (unknown version) CFNetwork/3826.600.41.2.1 Darwin/24.6.0"
49.147.40.203 - - [04/Jul/2026:05:42:57 +0800] "GET /welcome?suspended=1 HTTP/2.0" 200 7319 "-" "Transparent%20network%20proxy%20for%20Apple%20system%20services (unknown version) CFNetwork/3826.600.41.2.1 Darwin/24.6.0"
49.147.36.1 - - [04/Jul/2026:05:47:42 +0800] "POST /chat HTTP/1.1" 400 0 "-" "Mozilla/5.0 (compatible; WAChat/1.2; +http://www.whatsapp.com/contact)"
49.147.43.70 - - [04/Jul/2026:05:47:47 +0800] "GET / HTTP/1.1" 302 5 "-" "Transparent%20network%20proxy%20for%20Apple%20system%20services (unknown version) CFNetwork/3826.600.41.2.1 Darwin/24.6.0"
112.209.20.131 - - [04/Jul/2026:05:47:47 +0800] "GET / HTTP/1.1" 302 5 "-" "Transparent%20network%20proxy%20for%20Apple%20system%20services (unknown version) CFNetwork/3826.600.41.2.1 Darwin/24.6.0"
49.147.43.70 - - [04/Jul/2026:05:47:47 +0800] "GET /welcome?suspended=1 HTTP/2.0" 200 7319 "-" "Transparent%20network%20proxy%20for%20Apple%20system%20services (unknown version) CFNetwork/3826.600.41.2.1 Darwin/24.6.0"
49.147.43.70 - - [04/Jul/2026:05:47:47 +0800] "GET /welcome?suspended=1 HTTP/2.0" 200 7319 "-" "Transparent%20network%20proxy%20for%20Apple%20system%20services (unknown version) CFNetwork/3826.600.41.2.1 Darwin/24.6.0"
49.147.43.70 - - [04/Jul/2026:05:48:35 +0800] "GET /generate_204 HTTP/1.1" 302 5 "-" "Mozilla/5.0 (X11; Linux x86_64) AppleWebKit/537.36 (KHTML, like Gecko) Chrome/60.0.3112.32 Safari/537.36"
49.147.43.70 - - [04/Jul/2026:05:50:03 +0800] "GET /generate_204 HTTP/1.1" 302 5 "-" "Mozilla/5.0 (X11; Linux x86_64) AppleWebKit/537.36 (KHTML, like Gecko) Chrome/60.0.3112.32 Safari/537.36"
124.105.235.44 - - [04/Jul/2026:05:50:03 +0800] "GET /generate_204 HTTP/1.1" 302 5 "-" "Mozilla/5.0 (X11; Linux x86_64) AppleWebKit/537.36 (KHTML, like Gecko) Chrome/60.0.3112.32 Safari/537.36"
124.107.120.113 - - [04/Jul/2026:05:50:03 +0800] "GET /generate_204 HTTP/1.1" 302 5 "-" "Mozilla/5.0 (X11; Linux x86_64) AppleWebKit/537.36 (KHTML, like Gecko) Chrome/60.0.3112.32 Safari/537.36"
112.209.20.131 - - [04/Jul/2026:05:52:09 +0800] "GET /generate_204 HTTP/1.1" 302 5 "-" "Mozilla/5.0 (X11; Linux x86_64) AppleWebKit/537.36 (KHTML, like Gecko) Chrome/60.0.3112.32 Safari/537.36"
124.105.235.44 - - [04/Jul/2026:05:53:16 +0800] "GET /generate_204 HTTP/1.1" 302 5 "-" "Mozilla/5.0 (X11; Linux x86_64) AppleWebKit/537.36 (KHTML, like Gecko) Chrome/60.0.3112.32 Safari/537.36"
49.147.40.203 - - [04/Jul/2026:05:53:40 +0800] "POST /chat HTTP/1.1" 499 0 "-" "Mozilla/5.0 (compatible; WAChat/2.0; +http://www.whatsapp.com/contact)"
49.147.40.203 - - [04/Jul/2026:05:55:05 +0800] "GET /generate_204 HTTP/1.1" 302 5 "-" "Mozilla/5.0 (X11; Linux x86_64) AppleWebKit/537.36 (KHTML, like Gecko) Chrome/60.0.3112.32 Safari/537.36"
49.147.40.203 - - [04/Jul/2026:05:55:05 +0800] "GET /generate_204 HTTP/1.1" 302 5 "-" "Mozilla/5.0 (X11; Linux x86_64) AppleWebKit/537.36 (KHTML, like Gecko) Chrome/60.0.3112.32 Safari/537.36"
49.147.36.1 - - [04/Jul/2026:05:56:50 +0800] "GET /generate_204 HTTP/1.1" 302 5 "-" "Mozilla/5.0 (X11; Linux x86_64) AppleWebKit/537.36 (KHTML, like Gecko) Chrome/60.0.3112.32 Safari/537.36"
112.209.20.131 - - [04/Jul/2026:05:56:53 +0800] "GET /welcome?suspended=1 HTTP/2.0" 200 7319 "-" "Mozilla/5.0 (Linux; Android 11; RMX3231 Build/RP1A.201005.001; wv) AppleWebKit/537.36 (KHTML, like Gecko) Version/4.0 Chrome/148.0.7778.215 Mobile Safari/537.36"
112.209.20.131 - - [04/Jul/2026:05:56:53 +0800] "GET /portal/chat-bot.js HTTP/2.0" 200 5030 "https://jmwifi.pro/welcome?suspended=1" "Mozilla/5.0 (Linux; Android 11; RMX3231 Build/RP1A.201005.001; wv) AppleWebKit/537.36 (KHTML, like Gecko) Version/4.0 Chrome/148.0.7778.215 Mobile Safari/537.36"
112.209.20.131 - - [04/Jul/2026:05:56:53 +0800] "GET /api/plans HTTP/2.0" 200 321853 "https://jmwifi.pro/welcome?suspended=1" "Mozilla/5.0 (Linux; Android 11; RMX3231 Build/RP1A.201005.001; wv) AppleWebKit/537.36 (KHTML, like Gecko) Version/4.0 Chrome/148.0.7778.215 Mobile Safari/537.36"
49.147.43.70 - - [04/Jul/2026:05:56:53 +0800] "GET /generate_204 HTTP/1.1" 302 5 "-" "Mozilla/5.0 (X11; Linux x86_64) AppleWebKit/537.36 (KHTML, like Gecko) Chrome/60.0.3112.32 Safari/537.36"
112.209.20.131 - - [04/Jul/2026:05:56:53 +0800] "GET /api/chat/status HTTP/2.0" 200 59 "https://jmwifi.pro/welcome?suspended=1" "Mozilla/5.0 (Linux; Android 11; RMX3231 Build/RP1A.201005.001; wv) AppleWebKit/537.36 (KHTML, like Gecko) Version/4.0 Chrome/148.0.7778.215 Mobile Safari/537.36"
112.209.20.131 - - [04/Jul/2026:05:56:53 +0800] "GET /favicon.ico HTTP/2.0" 404 32 "https://jmwifi.pro/welcome?suspended=1" "Mozilla/5.0 (Linux; Android 11; RMX3231 Build/RP1A.201005.001; wv) AppleWebKit/537.36 (KHTML, like Gecko) Version/4.0 Chrome/148.0.7778.215 Mobile Safari/537.36"
49.147.40.203 - - [04/Jul/2026:05:56:55 +0800] "GET /generate_204 HTTP/1.1" 302 5 "-" "Mozilla/5.0 (X11; Linux x86_64) AppleWebKit/537.36 (KHTML, like Gecko) Chrome/60.0.3112.32 Safari/537.36"
112.209.20.131 - - [04/Jul/2026:05:56:58 +0800] "GET /sw.js HTTP/2.0" 200 770 "https://jmwifi.pro/sw.js" "Mozilla/5.0 (Linux; Android 11; RMX3231 Build/RP1A.201005.001; wv) AppleWebKit/537.36 (KHTML, like Gecko) Version/4.0 Chrome/148.0.7778.215 Mobile Safari/537.36"
112.209.20.131 - - [04/Jul/2026:05:58:45 +0800] "GET /generate_204 HTTP/1.1" 302 5 "-" "Mozilla/5.0 (X11; Linux x86_64) AppleWebKit/537.36 (KHTML, like Gecko) Chrome/60.0.3112.32 Safari/537.36"
49.147.40.203 - - [04/Jul/2026:05:58:45 +0800] "GET /generate_204 HTTP/1.1" 302 5 "-" "Mozilla/5.0 (X11; Linux x86_64) AppleWebKit/537.36 (KHTML, like Gecko) Chrome/60.0.3112.32 Safari/537.36"
112.209.20.131 - - [04/Jul/2026:05:58:45 +0800] "GET /generate_204 HTTP/1.1" 302 5 "-" "Mozilla/5.0 (X11; Linux x86_64) AppleWebKit/537.36 (KHTML, like Gecko) Chrome/60.0.3112.32 Safari/537.36"
172.68.183.18 - - [04/Jul/2026:05:58:54 +0800] "GET /wp-admin/install.php?step=1 HTTP/1.1" 404 43 "-" "http://jmwifi.pro/wp-admin/install.php?step=1"
49.147.43.70 - - [04/Jul/2026:06:03:09 +0800] "GET /generate_204 HTTP/1.1" 302 5 "-" "Mozilla/5.0 (X11; Linux x86_64) AppleWebKit/537.36 (KHTML, like Gecko) Chrome/60.0.3112.32 Safari/537.36"
124.105.235.44 - - [04/Jul/2026:06:03:16 +0800] "GET / HTTP/1.1" 302 5 "-" "Transparent%20network%20proxy%20for%20Apple%20system%20services (unknown version) CFNetwork/3826.600.41.2.1 Darwin/24.6.0"
112.209.20.131 - - [04/Jul/2026:06:03:17 +0800] "GET /welcome?suspended=1 HTTP/2.0" 200 7319 "-" "Transparent%20network%20proxy%20for%20Apple%20system%20services (unknown version) CFNetwork/3826.600.41.2.1 Darwin/24.6.0"
49.147.36.1 - - [04/Jul/2026:06:03:24 +0800] "GET / HTTP/1.1" 302 5 "-" "Transparent%20network%20proxy%20for%20Apple%20system%20services (unknown version) CFNetwork/3826.600.41.2.1 Darwin/24.6.0"
49.147.36.1 - - [04/Jul/2026:06:03:25 +0800] "GET /welcome?suspended=1 HTTP/2.0" 200 7319 "-" "Transparent%20network%20proxy%20for%20Apple%20system%20services (unknown version) CFNetwork/3826.600.41.2.1 Darwin/24.6.0"
49.147.36.1 - - [04/Jul/2026:06:03:31 +0800] "GET /generate_204 HTTP/1.1" 302 5 "-" "Mozilla/5.0 (X11; Linux x86_64) AppleWebKit/537.36 (KHTML, like Gecko) Chrome/60.0.3112.32 Safari/537.36"
124.107.120.113 - - [04/Jul/2026:06:03:31 +0800] "GET /generate_204 HTTP/1.1" 302 5 "-" "Mozilla/5.0 (X11; Linux x86_64) AppleWebKit/537.36 (KHTML, like Gecko) Chrome/60.0.3112.32 Safari/537.36"
124.105.235.44 - - [04/Jul/2026:06:03:32 +0800] "GET /generate_204 HTTP/1.1" 302 5 "-" "Mozilla/5.0 (X11; Linux x86_64) AppleWebKit/537.36 (KHTML, like Gecko) Chrome/60.0.3112.32 Safari/537.36"
124.217.40.92 - - [04/Jul/2026:06:04:40 +0800] "GET / HTTP/1.1" 200 193237 "http://m.facebook.com/" "Mozilla/5.0 (Linux; Android 16; CPH2819 Build/BP2A.250605.015; wv) AppleWebKit/537.36 (KHTML, like Gecko) Version/4.0 Chrome/149.0.7827.159 Mobile Safari/537.36 [FB_IAB/FB4A;FBAV/568.0.0.46.89;]"
124.217.40.92 - - [04/Jul/2026:06:04:42 +0800] "GET /api/auth/me HTTP/1.1" 200 58 "http://jmwifi.pro/" "Mozilla/5.0 (Linux; Android 16; CPH2819 Build/BP2A.250605.015; wv) AppleWebKit/537.36 (KHTML, like Gecko) Version/4.0 Chrome/149.0.7827.159 Mobile Safari/537.36 [FB_IAB/FB4A;FBAV/568.0.0.46.89;]"
124.217.40.92 - - [04/Jul/2026:06:04:42 +0800] "GET /api/branding HTTP/1.1" 200 319072 "http://jmwifi.pro/" "Mozilla/5.0 (Linux; Android 16; CPH2819 Build/BP2A.250605.015; wv) AppleWebKit/537.36 (KHTML, like Gecko) Version/4.0 Chrome/149.0.7827.159 Mobile Safari/537.36 [FB_IAB/FB4A;FBAV/568.0.0.46.89;]"
124.217.40.92 - - [04/Jul/2026:06:04:42 +0800] "GET /favicon.ico HTTP/1.1" 404 43 "http://jmwifi.pro/" "Mozilla/5.0 (Linux; Android 16; CPH2819 Build/BP2A.250605.015; wv) AppleWebKit/537.36 (KHTML, like Gecko) Version/4.0 Chrome/149.0.7827.159 Mobile Safari/537.36 [FB_IAB/FB4A;FBAV/568.0.0.46.89;]"
124.105.235.44 - - [04/Jul/2026:06:06:05 +0800] "GET / HTTP/1.1" 302 5 "-" "Transparent%20network%20proxy%20for%20Apple%20system%20services (unknown version) CFNetwork/3826.600.41.2.1 Darwin/24.6.0"
49.147.43.70 - - [04/Jul/2026:06:06:05 +0800] "GET /welcome?suspended=1 HTTP/2.0" 200 7319 "-" "Transparent%20network%20proxy%20for%20Apple%20system%20services (unknown version) CFNetwork/3826.600.41.2.1 Darwin/24.6.0"
49.147.43.70 - - [04/Jul/2026:06:06:16 +0800] "GET / HTTP/1.1" 302 5 "-" "Transparent%20network%20proxy%20for%20Apple%20system%20services (unknown version) CFNetwork/3826.600.41.2.1 Darwin/24.6.0"
49.147.40.203 - - [04/Jul/2026:06:06:17 +0800] "GET /welcome?suspended=1 HTTP/2.0" 200 7319 "-" "Transparent%20network%20proxy%20for%20Apple%20system%20services (unknown version) CFNetwork/3826.600.41.2.1 Darwin/24.6.0"
124.217.40.92 - - [04/Jul/2026:06:06:23 +0800] "POST /api/auth/login HTTP/1.1" 401 62 "http://jmwifi.pro/" "Mozilla/5.0 (Linux; Android 16; CPH2819 Build/BP2A.250605.015; wv) AppleWebKit/537.36 (KHTML, like Gecko) Version/4.0 Chrome/149.0.7827.159 Mobile Safari/537.36 [FB_IAB/FB4A;FBAV/568.0.0.46.89;]"
124.217.40.92 - - [04/Jul/2026:06:06:45 +0800] "POST /api/auth/login HTTP/1.1" 401 62 "http://jmwifi.pro/" "Mozilla/5.0 (Linux; Android 16; CPH2819 Build/BP2A.250605.015; wv) AppleWebKit/537.36 (KHTML, like Gecko) Version/4.0 Chrome/149.0.7827.159 Mobile Safari/537.36 [FB_IAB/FB4A;FBAV/568.0.0.46.89;]"
124.217.40.92 - - [04/Jul/2026:06:06:52 +0800] "POST /api/auth/login HTTP/1.1" 401 62 "http://jmwifi.pro/" "Mozilla/5.0 (Linux; Android 16; CPH2819 Build/BP2A.250605.015; wv) AppleWebKit/537.36 (KHTML, like Gecko) Version/4.0 Chrome/149.0.7827.159 Mobile Safari/537.36 [FB_IAB/FB4A;FBAV/568.0.0.46.89;]"
124.107.120.113 - - [04/Jul/2026:06:07:06 +0800] "GET /generate_204 HTTP/1.1" 302 5 "-" "Mozilla/5.0 (X11; Linux x86_64) AppleWebKit/537.36 (KHTML, like Gecko) Chrome/60.0.3112.32 Safari/537.36"
124.217.40.92 - - [04/Jul/2026:06:07:24 +0800] "POST /api/auth/login HTTP/1.1" 401 62 "http://jmwifi.pro/" "Mozilla/5.0 (Linux; Android 16; CPH2819 Build/BP2A.250605.015; wv) AppleWebKit/537.36 (KHTML, like Gecko) Version/4.0 Chrome/149.0.7827.159 Mobile Safari/537.36 [FB_IAB/FB4A;FBAV/568.0.0.46.89;]"
124.107.120.113 - - [04/Jul/2026:06:07:39 +0800] "GET /generate_204 HTTP/1.1" 302 5 "-" "Mozilla/5.0 (X11; Linux x86_64) AppleWebKit/537.36 (KHTML, like Gecko) Chrome/60.0.3112.32 Safari/537.36"
124.105.235.44 - - [04/Jul/2026:06:07:39 +0800] "GET /generate_204 HTTP/1.1" 302 5 "-" "Mozilla/5.0 (X11; Linux x86_64) AppleWebKit/537.36 (KHTML, like Gecko) Chrome/60.0.3112.32 Safari/537.36"
124.107.120.113 - - [04/Jul/2026:06:07:45 +0800] "POST /chat HTTP/1.1" 404 43 "-" "Mozilla/5.0 (compatible; WAChat/2.0; +http://www.whatsapp.com/contact)"
124.217.40.92 - - [04/Jul/2026:06:07:56 +0800] "POST /api/auth/login HTTP/1.1" 401 62 "http://jmwifi.pro/" "Mozilla/5.0 (Linux; Android 16; CPH2819 Build/BP2A.250605.015; wv) AppleWebKit/537.36 (KHTML, like Gecko) Version/4.0 Chrome/149.0.7827.159 Mobile Safari/537.36 [FB_IAB/FB4A;FBAV/568.0.0.46.89;]"
124.105.235.44 - - [04/Jul/2026:06:07:56 +0800] "POST /chat HTTP/1.1" 499 0 "-" "Mozilla/5.0 (compatible; WAChat/2.0; +http://www.whatsapp.com/contact)"
124.217.40.92 - - [04/Jul/2026:06:07:57 +0800] "POST /api/auth/login HTTP/1.1" 401 62 "http://jmwifi.pro/" "Mozilla/5.0 (Linux; Android 16; CPH2819 Build/BP2A.250605.015; wv) AppleWebKit/537.36 (KHTML, like Gecko) Version/4.0 Chrome/149.0.7827.159 Mobile Safari/537.36 [FB_IAB/FB4A;FBAV/568.0.0.46.89;]"
49.147.43.70 - - [04/Jul/2026:06:08:08 +0800] "POST /chat HTTP/1.1" 499 0 "-" "Mozilla/5.0 (compatible; WAChat/2.0; +http://www.whatsapp.com/contact)"
124.105.235.44 - - [04/Jul/2026:06:08:10 +0800] "GET / HTTP/1.1" 302 5 "-" "Transparent%20network%20proxy%20for%20Apple%20system%20services (unknown version) CFNetwork/3826.600.41.2.1 Darwin/24.6.0"
49.147.36.1 - - [04/Jul/2026:06:08:10 +0800] "GET /welcome?suspended=1 HTTP/2.0" 200 7319 "-" "Transparent%20network%20proxy%20for%20Apple%20system%20services (unknown version) CFNetwork/3826.600.41.2.1 Darwin/24.6.0"
49.147.40.203 - - [04/Jul/2026:06:08:18 +0800] "GET / HTTP/1.1" 302 5 "-" "Transparent%20network%20proxy%20for%20Apple%20system%20services (unknown version) CFNetwork/3826.600.41.2.1 Darwin/24.6.0"
49.147.43.70 - - [04/Jul/2026:06:08:18 +0800] "GET /welcome?suspended=1 HTTP/2.0" 200 7319 "-" "Transparent%20network%20proxy%20for%20Apple%20system%20services (unknown version) CFNetwork/3826.600.41.2.1 Darwin/24.6.0"
124.105.235.44 - - [04/Jul/2026:06:08:19 +0800] "POST /chat HTTP/1.1" 404 43 "-" "Mozilla/5.0 (compatible; WAChat/2.0; +http://www.whatsapp.com/contact)"
124.105.235.44 - - [04/Jul/2026:06:08:41 +0800] "POST /chat HTTP/1.1" 408 0 "-" "Mozilla/5.0 (compatible; WAChat/2.0; +http://www.whatsapp.com/contact)"
49.147.40.203 - - [04/Jul/2026:06:09:53 +0800] "GET / HTTP/1.1" 302 5 "-" "Transparent%20network%20proxy%20for%20Apple%20system%20services (unknown version) CFNetwork/3826.600.41.2.1 Darwin/24.6.0"
49.147.40.203 - - [04/Jul/2026:06:09:54 +0800] "GET /welcome?suspended=1 HTTP/2.0" 200 7319 "-" "Transparent%20network%20proxy%20for%20Apple%20system%20services (unknown version) CFNetwork/3826.600.41.2.1 Darwin/24.6.0"
49.147.36.1 - - [04/Jul/2026:06:10:01 +0800] "GET / HTTP/1.1" 302 5 "-" "Transparent%20network%20proxy%20for%20Apple%20system%20services (unknown version) CFNetwork/3826.600.41.2.1 Darwin/24.6.0"
112.209.20.131 - - [04/Jul/2026:06:10:02 +0800] "GET /welcome?suspended=1 HTTP/2.0" 200 7319 "-" "Transparent%20network%20proxy%20for%20Apple%20system%20services (unknown version) CFNetwork/3826.600.41.2.1 Darwin/24.6.0"
124.105.235.44 - - [04/Jul/2026:06:10:05 +0800] "GET /generate_204 HTTP/1.1" 302 5 "-" "Mozilla/5.0 (X11; Linux x86_64) AppleWebKit/537.36 (KHTML, like Gecko) Chrome/60.0.3112.32 Safari/537.36"
49.147.36.1 - - [04/Jul/2026:06:10:54 +0800] "GET / HTTP/1.1" 302 5 "-" "Transparent%20network%20proxy%20for%20Apple%20system%20services (unknown version) CFNetwork/3826.600.41.2.1 Darwin/24.6.0"
49.147.40.203 - - [04/Jul/2026:06:10:54 +0800] "GET /welcome?suspended=1 HTTP/2.0" 200 7319 "-" "Transparent%20network%20proxy%20for%20Apple%20system%20services (unknown version) CFNetwork/3826.600.41.2.1 Darwin/24.6.0"
49.147.36.1 - - [04/Jul/2026:06:11:01 +0800] "GET / HTTP/1.1" 302 5 "-" "Transparent%20network%20proxy%20for%20Apple%20system%20services (unknown version) CFNetwork/3826.600.41.2.1 Darwin/24.6.0"
112.209.20.131 - - [04/Jul/2026:06:11:01 +0800] "GET /welcome?suspended=1 HTTP/2.0" 200 7319 "-" "Transparent%20network%20proxy%20for%20Apple%20system%20services (unknown version) CFNetwork/3826.600.41.2.1 Darwin/24.6.0"
49.147.36.1 - - [04/Jul/2026:06:11:07 +0800] "GET /generate_204 HTTP/1.1" 302 5 "-" "Mozilla/5.0 (X11; Linux x86_64) AppleWebKit/537.36 (KHTML, like Gecko) Chrome/60.0.3112.32 Safari/537.36"
172.71.164.48 - - [04/Jul/2026:06:11:23 +0800] "GET /wp-admin/install.php?step=1 HTTP/1.1" 404 43 "-" "http://jmwifi.pro/wp-admin/install.php?step=1"
124.107.120.113 - - [04/Jul/2026:06:13:32 +0800] "GET /generate_204 HTTP/1.1" 302 5 "-" "Mozilla/5.0 (X11; Linux x86_64) AppleWebKit/537.36 (KHTML, like Gecko) Chrome/60.0.3112.32 Safari/537.36"
49.147.40.203 - - [04/Jul/2026:06:13:32 +0800] "GET /generate_204 HTTP/1.1" 302 5 "-" "Mozilla/5.0 (X11; Linux x86_64) AppleWebKit/537.36 (KHTML, like Gecko) Chrome/60.0.3112.32 Safari/537.36"
112.209.20.131 - - [04/Jul/2026:06:13:32 +0800] "GET /generate_204 HTTP/1.1" 302 5 "-" "Mozilla/5.0 (X11; Linux x86_64) AppleWebKit/537.36 (KHTML, like Gecko) Chrome/60.0.3112.32 Safari/537.36"
49.147.36.1 - - [04/Jul/2026:06:14:52 +0800] "GET /generate_204 HTTP/1.1" 302 5 "-" "Mozilla/5.0 (X11; Linux x86_64) AppleWebKit/537.36 (KHTML, like Gecko) Chrome/60.0.3112.32 Safari/537.36"
124.105.235.44 - - [04/Jul/2026:06:14:55 +0800] "GET /generate_204 HTTP/1.1" 302 5 "-" "Dalvik/2.1.0 (Linux; U; Android 11; RMX2180 Build/RP1A.200720.011)"
112.209.20.131 - - [04/Jul/2026:06:14:55 +0800] "GET /welcome?suspended=1 HTTP/2.0" 200 7319 "-" "Mozilla/5.0 (Linux; Android 11; RMX2180 Build/RP1A.200720.011; wv) AppleWebKit/537.36 (KHTML, like Gecko) Version/4.0 Chrome/149.0.7827.91 Mobile Safari/537.36"
112.209.20.131 - - [04/Jul/2026:06:14:56 +0800] "GET /portal/chat-bot.js HTTP/2.0" 200 5030 "https://jmwifi.pro/welcome?suspended=1" "Mozilla/5.0 (Linux; Android 11; RMX2180 Build/RP1A.200720.011; wv) AppleWebKit/537.36 (KHTML, like Gecko) Version/4.0 Chrome/149.0.7827.91 Mobile Safari/537.36"
112.209.20.131 - - [04/Jul/2026:06:14:56 +0800] "GET /api/plans HTTP/2.0" 200 321853 "https://jmwifi.pro/welcome?suspended=1" "Mozilla/5.0 (Linux; Android 11; RMX2180 Build/RP1A.200720.011; wv) AppleWebKit/537.36 (KHTML, like Gecko) Version/4.0 Chrome/149.0.7827.91 Mobile Safari/537.36"
49.147.40.203 - - [04/Jul/2026:06:14:56 +0800] "GET /generate_204 HTTP/1.1" 302 5 "-" "Mozilla/5.0 (X11; Linux x86_64) AppleWebKit/537.36 (KHTML, like Gecko) Chrome/60.0.3112.32 Safari/537.36"
112.209.20.131 - - [04/Jul/2026:06:14:56 +0800] "GET /api/chat/status HTTP/2.0" 200 59 "https://jmwifi.pro/welcome?suspended=1" "Mozilla/5.0 (Linux; Android 11; RMX2180 Build/RP1A.200720.011; wv) AppleWebKit/537.36 (KHTML, like Gecko) Version/4.0 Chrome/149.0.7827.91 Mobile Safari/537.36"
112.209.20.131 - - [04/Jul/2026:06:14:56 +0800] "GET /favicon.ico HTTP/2.0" 404 32 "https://jmwifi.pro/welcome?suspended=1" "Mozilla/5.0 (Linux; Android 11; RMX2180 Build/RP1A.200720.011; wv) AppleWebKit/537.36 (KHTML, like Gecko) Version/4.0 Chrome/149.0.7827.91 Mobile Safari/537.36"
49.147.36.1 - - [04/Jul/2026:06:14:56 +0800] "GET /generate_204 HTTP/1.1" 302 5 "-" "Mozilla/5.0 (X11; Linux x86_64) AppleWebKit/537.36 (KHTML, like Gecko) Chrome/60.0.3112.32 Safari/537.36"
112.209.20.131 - - [04/Jul/2026:06:14:59 +0800] "GET /sw.js HTTP/2.0" 200 770 "https://jmwifi.pro/sw.js" "Mozilla/5.0 (Linux; Android 11; RMX2180 Build/RP1A.200720.011; wv) AppleWebKit/537.36 (KHTML, like Gecko) Version/4.0 Chrome/149.0.7827.91 Mobile Safari/537.36"
124.107.120.113 - - [04/Jul/2026:06:15:11 +0800] "GET /generate_204 HTTP/1.1" 302 5 "-" "Mozilla/5.0 (X11; Linux x86_64) AppleWebKit/537.36 (KHTML, like Gecko) Chrome/60.0.3112.32 Safari/537.36"
124.107.120.113 - - [04/Jul/2026:06:15:12 +0800] "GET /welcome?suspended=1 HTTP/2.0" 200 7319 "-" "Mozilla/5.0 (Linux; Android 11; RMX2180 Build/RP1A.200720.011; wv) AppleWebKit/537.36 (KHTML, like Gecko) Version/4.0 Chrome/149.0.7827.91 Mobile Safari/537.36"
124.107.120.113 - - [04/Jul/2026:06:15:12 +0800] "GET /portal/chat-bot.js HTTP/2.0" 200 5030 "https://jmwifi.pro/welcome?suspended=1" "Mozilla/5.0 (Linux; Android 11; RMX2180 Build/RP1A.200720.011; wv) AppleWebKit/537.36 (KHTML, like Gecko) Version/4.0 Chrome/149.0.7827.91 Mobile Safari/537.36"
124.107.120.113 - - [04/Jul/2026:06:15:12 +0800] "GET /api/plans HTTP/2.0" 200 321853 "https://jmwifi.pro/welcome?suspended=1" "Mozilla/5.0 (Linux; Android 11; RMX2180 Build/RP1A.200720.011; wv) AppleWebKit/537.36 (KHTML, like Gecko) Version/4.0 Chrome/149.0.7827.91 Mobile Safari/537.36"
124.107.120.113 - - [04/Jul/2026:06:15:12 +0800] "GET /api/chat/status HTTP/2.0" 200 59 "https://jmwifi.pro/welcome?suspended=1" "Mozilla/5.0 (Linux; Android 11; RMX2180 Build/RP1A.200720.011; wv) AppleWebKit/537.36 (KHTML, like Gecko) Version/4.0 Chrome/149.0.7827.91 Mobile Safari/537.36"
49.147.40.203 - - [04/Jul/2026:06:15:12 +0800] "GET /generate_204 HTTP/1.1" 302 5 "-" "Mozilla/5.0 (X11; Linux x86_64) AppleWebKit/537.36 (KHTML, like Gecko) Chrome/60.0.3112.32 Safari/537.36"
124.107.120.113 - - [04/Jul/2026:06:15:12 +0800] "GET /favicon.ico HTTP/2.0" 404 32 "https://jmwifi.pro/welcome?suspended=1" "Mozilla/5.0 (Linux; Android 11; RMX2180 Build/RP1A.200720.011; wv) AppleWebKit/537.36 (KHTML, like Gecko) Version/4.0 Chrome/149.0.7827.91 Mobile Safari/537.36"
49.147.43.70 - - [04/Jul/2026:06:15:12 +0800] "GET /generate_204 HTTP/1.1" 302 5 "-" "Mozilla/5.0 (X11; Linux x86_64) AppleWebKit/537.36 (KHTML, like Gecko) Chrome/60.0.3112.32 Safari/537.36"
49.147.36.1 - - [04/Jul/2026:06:15:13 +0800] "GET /generate_204 HTTP/1.1" 302 5 "-" "Dalvik/2.1.0 (Linux; U; Android 11; RMX2180 Build/RP1A.200720.011)"
124.107.120.113 - - [04/Jul/2026:06:15:15 +0800] "GET /sw.js HTTP/2.0" 200 770 "https://jmwifi.pro/sw.js" "Mozilla/5.0 (Linux; Android 11; RMX2180 Build/RP1A.200720.011; wv) AppleWebKit/537.36 (KHTML, like Gecko) Version/4.0 Chrome/149.0.7827.91 Mobile Safari/537.36"
172.69.151.181 - - [04/Jul/2026:06:15:59 +0800] "GET /wp-admin/install.php?step=1 HTTP/1.1" 404 43 "-" "http://jmwifi.pro/wp-admin/install.php?step=1"
49.147.40.203 - - [04/Jul/2026:06:16:50 +0800] "GET /generate_204 HTTP/1.1" 302 5 "-" "Mozilla/5.0 (X11; Linux x86_64) AppleWebKit/537.36 (KHTML, like Gecko) Chrome/60.0.3112.32 Safari/537.36"
124.107.120.113 - - [04/Jul/2026:06:18:21 +0800] "GET /generate_204 HTTP/1.1" 302 5 "-" "Mozilla/5.0 (X11; Linux x86_64) AppleWebKit/537.36 (KHTML, like Gecko) Chrome/60.0.3112.32 Safari/537.36"
124.105.235.44 - - [04/Jul/2026:06:18:21 +0800] "GET /generate_204 HTTP/1.1" 302 5 "-" "Mozilla/5.0 (X11; Linux x86_64) AppleWebKit/537.36 (KHTML, like Gecko) Chrome/60.0.3112.32 Safari/537.36"
124.107.120.113 - - [04/Jul/2026:06:18:21 +0800] "GET /generate_204 HTTP/1.1" 302 5 "-" "Mozilla/5.0 (X11; Linux x86_64) AppleWebKit/537.36 (KHTML, like Gecko) Chrome/60.0.3112.32 Safari/537.36"
124.107.120.113 - - [04/Jul/2026:06:21:08 +0800] "GET /generate_204 HTTP/1.1" 302 5 "-" "Mozilla/5.0 (X11; Linux x86_64) AppleWebKit/537.36 (KHTML, like Gecko) Chrome/60.0.3112.32 Safari/537.36"
49.147.36.1 - - [04/Jul/2026:06:23:32 +0800] "GET /generate_204 HTTP/1.1" 302 5 "-" "Mozilla/5.0 (X11; Linux x86_64) AppleWebKit/537.36 (KHTML, like Gecko) Chrome/60.0.3112.32 Safari/537.36"
124.107.120.113 - - [04/Jul/2026:06:23:32 +0800] "GET /generate_204 HTTP/1.1" 302 5 "-" "Mozilla/5.0 (X11; Linux x86_64) AppleWebKit/537.36 (KHTML, like Gecko) Chrome/60.0.3112.32 Safari/537.36"
49.147.40.203 - - [04/Jul/2026:06:23:32 +0800] "GET /generate_204 HTTP/1.1" 302 5 "-" "Mozilla/5.0 (X11; Linux x86_64) AppleWebKit/537.36 (KHTML, like Gecko) Chrome/60.0.3112.32 Safari/537.36"
172.68.183.17 - - [04/Jul/2026:06:29:46 +0800] "GET /wp-admin/install.php?step=1 HTTP/1.1" 404 43 "-" "http://jmwifi.pro/wp-admin/install.php?step=1"
49.147.36.1 - - [04/Jul/2026:06:30:37 +0800] "GET /generate_204 HTTP/1.1" 302 5 "-" "Mozilla/5.0 (X11; Linux x86_64) AppleWebKit/537.36 (KHTML, like Gecko) Chrome/60.0.3112.32 Safari/537.36"
124.107.120.113 - - [04/Jul/2026:06:42:05 +0800] "GET /generate_204 HTTP/1.1" 302 5 "-" "Dalvik/2.1.0 (Linux; U; Android 14; CPH2773 Build/UP1A.231005.007)"
112.209.20.131 - - [04/Jul/2026:06:42:32 +0800] "GET /generate_204 HTTP/1.1" 302 5 "-" "Dalvik/2.1.0 (Linux; U; Android 14; CPH2773 Build/UP1A.231005.007)"
49.147.36.1 - - [04/Jul/2026:06:42:45 +0800] "GET /generate_204 HTTP/1.1" 302 5 "-" "Dalvik/2.1.0 (Linux; U; Android 14; CPH2773 Build/UP1A.231005.007)"
124.107.120.113 - - [04/Jul/2026:06:43:22 +0800] "GET /generate_204 HTTP/1.1" 302 5 "-" "Dalvik/2.1.0 (Linux; U; Android 14; CPH2773 Build/UP1A.231005.007)"
49.147.40.203 - - [04/Jul/2026:06:43:23 +0800] "GET /voucher?gw=10.0.0.1 HTTP/2.0" 200 6839 "-" "Mozilla/5.0 (Linux; Android 10; K) AppleWebKit/537.36 (KHTML, like Gecko) Chrome/149.0.0.0 Mobile Safari/537.36"
49.147.40.203 - - [04/Jul/2026:06:43:50 +0800] "GET /generate_204 HTTP/1.1" 302 5 "-" "Dalvik/2.1.0 (Linux; U; Android 14; CPH2773 Build/UP1A.231005.007)"
49.147.40.203 - - [04/Jul/2026:06:43:53 +0800] "GET /api/plans HTTP/2.0" 200 192257 "https://jmwifi.pro/voucher?gw=10.0.0.1" "Mozilla/5.0 (Linux; Android 10; K) AppleWebKit/537.36 (KHTML, like Gecko) Chrome/149.0.0.0 Mobile Safari/537.36"
49.147.40.203 - - [04/Jul/2026:06:44:05 +0800] "GET /generate_204 HTTP/1.1" 302 5 "-" "Dalvik/2.1.0 (Linux; U; Android 14; CPH2773 Build/UP1A.231005.007)"
49.147.36.1 - - [04/Jul/2026:06:44:23 +0800] "GET /generate_204 HTTP/1.1" 302 5 "-" "Dalvik/2.1.0 (Linux; U; Android 14; CPH2773 Build/UP1A.231005.007)"
124.105.235.44 - - [04/Jul/2026:06:44:48 +0800] "GET /generate_204 HTTP/1.1" 302 5 "-" "Dalvik/2.1.0 (Linux; U; Android 14; CPH2773 Build/UP1A.231005.007)"
124.105.235.44 - - [04/Jul/2026:06:45:05 +0800] "GET /generate_204 HTTP/1.1" 302 5 "-" "Dalvik/2.1.0 (Linux; U; Android 14; CPH2773 Build/UP1A.231005.007)"
124.107.120.113 - - [04/Jul/2026:06:45:38 +0800] "GET /generate_204 HTTP/1.1" 302 5 "-" "Dalvik/2.1.0 (Linux; U; Android 14; CPH2773 Build/UP1A.231005.007)"
124.105.235.44 - - [04/Jul/2026:06:45:42 +0800] "GET /generate_204 HTTP/1.1" 302 5 "-" "Dalvik/2.1.0 (Linux; U; Android 14; CPH2773 Build/UP1A.231005.007)"
124.107.120.113 - - [04/Jul/2026:06:46:33 +0800] "GET /generate_204 HTTP/1.1" 302 5 "-" "Dalvik/2.1.0 (Linux; U; Android 14; CPH2773 Build/UP1A.231005.007)"
124.105.235.44 - - [04/Jul/2026:06:46:49 +0800] "GET /generate_204 HTTP/1.1" 302 5 "-" "Dalvik/2.1.0 (Linux; U; Android 14; CPH2773 Build/UP1A.231005.007)"
49.147.43.70 - - [04/Jul/2026:06:47:33 +0800] "GET /generate_204 HTTP/1.1" 302 5 "-" "Dalvik/2.1.0 (Linux; U; Android 14; CPH2773 Build/UP1A.231005.007)"
124.105.235.44 - - [04/Jul/2026:06:49:20 +0800] "GET /generate_204 HTTP/1.1" 302 5 "-" "Dalvik/2.1.0 (Linux; U; Android 14; CPH2773 Build/UP1A.231005.007)"
104.23.239.112 - - [04/Jul/2026:06:49:41 +0800] "GET /wp-admin/install.php?step=1 HTTP/1.1" 302 5 "-" "http://demogoway.cloud/wp-admin/install.php?step=1"
104.23.239.84 - - [04/Jul/2026:06:49:42 +0800] "GET /welcome?step=1&suspended=1 HTTP/2.0" 200 7319 "-" "http://demogoway.cloud/wp-admin/install.php?step=1"
104.23.239.85 - - [04/Jul/2026:06:49:55 +0800] "GET /wp-admin/install.php?step=1 HTTP/1.1" 404 43 "-" "http://jmwifi.pro/wp-admin/install.php?step=1"
49.147.40.203 - - [04/Jul/2026:06:50:59 +0800] "GET /generate_204 HTTP/1.1" 302 5 "-" "Dalvik/2.1.0 (Linux; U; Android 14; CPH2773 Build/UP1A.231005.007)"
153.92.15.26 - - [04/Jul/2026:06:58:33 +0800] "GET /.well-known/hostinger-challenge/27kxXydBge HTTP/1.1" 404 43 "-" "-"
168.76.254.75 - - [04/Jul/2026:07:00:00 +0800] "GET / HTTP/1.1" 200 193237 "-" "Mozilla/5.0 (Linux; Android 10; SM-G970F) AppleWebKit/537.36 (KHTML, like Gecko) Chrome/83.0.4103.106 Mobile Safari/537.36"
49.147.43.70 - - [04/Jul/2026:07:01:21 +0800] "GET /generate_204 HTTP/1.1" 302 5 "-" "Mozilla/5.0 (X11; Linux x86_64) AppleWebKit/537.36 (KHTML, like Gecko) Chrome/60.0.3112.32 Safari/537.36"
172.68.183.17 - - [04/Jul/2026:07:03:26 +0800] "GET /wp-admin/install.php?step=1 HTTP/1.1" 404 43 "-" "http://jmwifi.pro/wp-admin/install.php?step=1"
124.107.120.113 - - [04/Jul/2026:07:10:04 +0800] "GET /generate_204 HTTP/1.1" 302 5 "-" "Mozilla/5.0 (X11; Linux x86_64) AppleWebKit/537.36 (KHTML, like Gecko) Chrome/60.0.3112.32 Safari/537.36"
49.147.40.203 - - [04/Jul/2026:07:10:04 +0800] "GET /generate_204 HTTP/1.1" 302 5 "-" "Mozilla/5.0 (X11; Linux x86_64) AppleWebKit/537.36 (KHTML, like Gecko) Chrome/60.0.3112.32 Safari/537.36"
49.147.40.203 - - [04/Jul/2026:07:10:16 +0800] "POST /chat HTTP/1.1" 499 0 "-" "Mozilla/5.0 (compatible; WAChat/2.0; +http://www.whatsapp.com/contact)"
49.147.40.203 - - [04/Jul/2026:07:11:43 +0800] "POST /chat HTTP/1.1" 499 0 "-" "Mozilla/5.0 (compatible; WAChat/2.0; +http://www.whatsapp.com/contact)"
112.209.20.131 - - [04/Jul/2026:07:11:53 +0800] "POST /chat HTTP/1.1" 499 0 "-" "Mozilla/5.0 (compatible; WAChat/2.0; +http://www.whatsapp.com/contact)"
162.158.95.7 - - [04/Jul/2026:07:18:23 +0800] "GET /wp-admin/install.php?step=1 HTTP/1.1" 404 43 "-" "http://jmwifi.pro/wp-admin/install.php?step=1"
49.147.43.70 - - [04/Jul/2026:07:20:04 +0800] "GET /generate_204 HTTP/1.1" 302 5 "-" "Mozilla/5.0 (X11; Linux x86_64) AppleWebKit/537.36 (KHTML, like Gecko) Chrome/60.0.3112.32 Safari/537.36"
49.147.40.203 - - [04/Jul/2026:07:20:04 +0800] "GET /generate_204 HTTP/1.1" 302 5 "-" "Mozilla/5.0 (X11; Linux x86_64) AppleWebKit/537.36 (KHTML, like Gecko) Chrome/60.0.3112.32 Safari/537.36"
49.147.43.70 - - [04/Jul/2026:07:30:05 +0800] "GET /generate_204 HTTP/1.1" 302 5 "-" "Mozilla/5.0 (X11; Linux x86_64) AppleWebKit/537.36 (KHTML, like Gecko) Chrome/60.0.3112.32 Safari/537.36"
124.105.235.44 - - [04/Jul/2026:07:30:05 +0800] "GET /generate_204 HTTP/1.1" 302 5 "-" "Mozilla/5.0 (X11; Linux x86_64) AppleWebKit/537.36 (KHTML, like Gecko) Chrome/60.0.3112.32 Safari/537.36"
104.210.140.140 - - [04/Jul/2026:07:31:47 +0800] "GET /robots.txt HTTP/2.0" 404 32 "-" "Mozilla/5.0 (Macintosh; Intel Mac OS X 10_15_7) AppleWebKit/537.36 (KHTML, like Gecko) Chrome/131.0.0.0 Safari/537.36; compatible; OAI-SearchBot/1.0; +https://openai.com/searchbot"
104.210.140.132 - - [04/Jul/2026:07:31:49 +0800] "GET /robots.txt HTTP/1.1" 404 43 "-" "Mozilla/5.0 (Macintosh; Intel Mac OS X 10_15_7) AppleWebKit/537.36 (KHTML, like Gecko) Chrome/131.0.0.0 Safari/537.36; compatible; OAI-SearchBot/1.0; +https://openai.com/searchbot"
49.147.40.203 - - [04/Jul/2026:07:38:59 +0800] "GET /generate_204 HTTP/1.1" 302 5 "-" "Mozilla/5.0 (X11; Linux x86_64) AppleWebKit/537.36 (KHTML, like Gecko) Chrome/60.0.3112.32 Safari/537.36"
49.147.36.1 - - [04/Jul/2026:07:40:05 +0800] "GET /generate_204 HTTP/1.1" 302 5 "-" "Mozilla/5.0 (X11; Linux x86_64) AppleWebKit/537.36 (KHTML, like Gecko) Chrome/60.0.3112.32 Safari/537.36"
112.209.20.131 - - [04/Jul/2026:07:40:05 +0800] "GET /generate_204 HTTP/1.1" 302 5 "-" "Mozilla/5.0 (X11; Linux x86_64) AppleWebKit/537.36 (KHTML, like Gecko) Chrome/60.0.3112.32 Safari/537.36"
124.107.120.113 - - [04/Jul/2026:07:43:33 +0800] "GET /generate_204 HTTP/1.1" 302 5 "-" "Dalvik/2.1.0 (Linux; U; Android 14; CPH2773 Build/UP1A.231005.007)"
49.147.40.203 - - [04/Jul/2026:07:44:10 +0800] "GET /generate_204 HTTP/1.1" 302 5 "-" "Dalvik/2.1.0 (Linux; U; Android 14; CPH2773 Build/UP1A.231005.007)"
49.147.40.203 - - [04/Jul/2026:07:44:21 +0800] "GET /generate_204 HTTP/1.1" 302 5 "-" "Dalvik/2.1.0 (Linux; U; Android 14; CPH2773 Build/UP1A.231005.007)"
112.209.20.131 - - [04/Jul/2026:07:44:32 +0800] "GET /generate_204 HTTP/1.1" 302 5 "-" "Dalvik/2.1.0 (Linux; U; Android 14; CPH2773 Build/UP1A.231005.007)"
124.107.120.113 - - [04/Jul/2026:07:44:47 +0800] "GET /generate_204 HTTP/1.1" 302 5 "-" "Dalvik/2.1.0 (Linux; U; Android 14; CPH2773 Build/UP1A.231005.007)"
49.147.36.1 - - [04/Jul/2026:07:45:02 +0800] "GET /generate_204 HTTP/1.1" 302 5 "-" "Dalvik/2.1.0 (Linux; U; Android 14; CPH2773 Build/UP1A.231005.007)"
112.209.20.131 - - [04/Jul/2026:07:45:39 +0800] "GET /generate_204 HTTP/1.1" 302 5 "-" "Dalvik/2.1.0 (Linux; U; Android 14; CPH2773 Build/UP1A.231005.007)"
49.147.40.203 - - [04/Jul/2026:07:48:21 +0800] "GET /generate_204 HTTP/1.1" 302 5 "-" "Dalvik/2.1.0 (Linux; U; Android 14; CPH2773 Build/UP1A.231005.007)"
49.147.36.1 - - [04/Jul/2026:07:48:36 +0800] "GET /generate_204 HTTP/1.1" 302 5 "-" "Dalvik/2.1.0 (Linux; U; Android 14; CPH2773 Build/UP1A.231005.007)"
49.147.40.203 - - [04/Jul/2026:07:48:44 +0800] "HEAD / HTTP/1.1" 404 0 "-" "curl/8.19.0"
104.23.223.140 - - [04/Jul/2026:07:48:50 +0800] "GET /wp-admin/install.php?step=1 HTTP/1.1" 404 43 "-" "http://jmwifi.pro/wp-admin/install.php?step=1"
112.209.20.131 - - [04/Jul/2026:07:49:12 +0800] "GET /generate_204 HTTP/1.1" 302 5 "-" "Mozilla/5.0 (X11; Linux x86_64) AppleWebKit/537.36 (KHTML, like Gecko) Chrome/60.0.3112.32 Safari/537.36"
